[     242ms] [WARNING] The provided value 'Middle' is not a valid enum value of type CanvasTextBaseline. @ https://aipoju.com/assets/watermark.wimp_LMF.js:0
[     258ms] [WARNING] The provided value 'Middle' is not a valid enum value of type CanvasTextBaseline. @ https://aipoju.com/assets/watermark.wimp_LMF.js:0
[     425ms] [LOG] getEncryptJssdkSession start {public_key: MIIBIjANBgkqhkiG9w0BAQEFAAOCAQ8AMIIBCgKCAQEAsPGZih…Czq+/GE+v8tZDqDscm4/6JK2UO+/ZKsYHGp24jiw0qQIDAQAB, key_meta: GBZGZWF0dXJlQ3JlYXRpb25PcGVuRG9jFQYWoK+AkMjy5tbUARaAiNalDQA=, timestamp: 1784379886270} @ https://sf1-scmcdn-cn.feishucdn.com/obj/feishu-static/docComponentSdk/lib/1.0.2.js:0
[     878ms] Identifier 'style' has already been declared
[    1129ms] [ERROR] Failed to load resource: the server responded with a status of 401 () @ https://internal-api-security.feishu.cn/lark/scs/compliance/ping:0
[    1140ms] [LOG] =====[FetchLib]worker begin @ blob:https://d16rg8unadx.feishu.cn/de6a0d83-2f7c-4222-b518-56918ad6f804:0
[    1152ms] [INFO] =====fetch_lib_worker_start,obj: {token: XVxudog********1MxAczP96nsc, blockId: undefined, version: undefined, mode: 7, limit: undefined} @ blob:https://d16rg8unadx.feishu.cn/de6a0d83-2f7c-4222-b518-56918ad6f804:0
[    1885ms] [ERROR] Failed to load resource: the server responded with a status of 400 () @ https://open.feishu.cn/open-apis/block/server/api/MGetBlockSsrTemplate:0
[    2095ms] [ERROR] Failed to load resource: the server responded with a status of 400 () @ https://d16rg8unadx.feishu.cn/facade/search/pull_search_settings?search_setting_type=1:0
[    2115ms] [ERROR] Failed to load resource: the server responded with a status of 401 () @ https://project.feishu.cn/goapi/v1/user/assets/login_assets:0
[    2185ms] Uncaught (in promise) Error: user not found
    at <anonymous> (https://lf-package-cn.feishucdn.com/obj/feishu-static/eesz/bear/docx/module/ee/docs/docx/1.0.17.6349/index_merged_es6.js:6:759699)
[    2264ms] Uncaught (in promise) Error: user not found
    at <anonymous> (https://lf-package-cn.feishucdn.com/obj/feishu-static/eesz/bear/docx/module/ee/docs/docx/1.0.17.6349/index_merged_es6.js:6:759699)
[    2291ms] Uncaught (in promise) Error: request code fail
    at <anonymous> (https://lf-package-cn.feishucdn.com/obj/feishu-static/ccm-vmok/web/static/js/docx_app_spa.a1da4971.js:22:28263)
[    2355ms] Uncaught (in promise) Error: user not found
    at <anonymous> (https://lf-package-cn.feishucdn.com/obj/feishu-static/eesz/bear/docx/module/ee/docs/docx/1.0.17.6349/index_merged_es6.js:6:759699)
[    2665ms] [ERROR] Failed to load resource: the server responded with a status of 401 () @ https://internal-api-lark-api.feishu.cn/im/gateway/:0
[    2670ms] [ERROR] Failed to load resource: the server responded with a status of 401 () @ https://internal-api-lark-api.feishu.cn/accounts/web/user?app_id=12&_t=1784379888373:0
[    2708ms] [ERROR] Failed to load resource: the server responded with a status of 400 () @ https://open.feishu.cn/lark/app_explorer/api/GetBlockTemplateList:0
[    2834ms] [ERROR] Failed to load resource: the server responded with a status of 401 () @ https://internal-api-lark-api.feishu.cn/im/gateway/:0
[    2887ms] [ERROR] Failed to load resource: the server responded with a status of 401 () @ https://internal-api-security.feishu.cn/lark/scs/compliance/intercept/ccm/policystatus?policyType=DLP&entityType=DOCX&token=XVxudogFZo5srbx1MxAczP96nsc&owner_uid=7646243447203957709&tenant_id=7219875542412591108:0
[    2899ms] [ERROR] Failed to load resource: the server responded with a status of 401 () @ https://internal-api-lark-api.feishu.cn/im/gateway/:0
[    2960ms] [ERROR] Failed to load resource: the server responded with a status of 401 () @ https://internal-api-lark-api.feishu.cn/im/gateway/:0
[    4162ms] [ERROR] Failed to load resource: the server responded with a status of 401 () @ https://d16rg8unadx.feishu.cn/baike/v2/api/highlight_ignore/list:0
[    4163ms] Uncaught (in promise) Error: Request failed with status code 401
    at e.exports (https://lf-package-cn.feishucdn.com/obj/feishu-static/ccm-vmok/web/static/js/docx_app_spa.a1da4971.js:64:10073)
    at e.exports (https://lf-package-cn.feishucdn.com/obj/feishu-static/ccm-vmok/web/static/js/docx_app_spa.a1da4971.js:153:442341)
    at _.onreadystatechange (https://lf-package-cn.feishucdn.com/obj/feishu-static/ccm-vmok/web/static/js/docx_app_spa.a1da4971.js:7:144584)
    at <anonymous> (https://lf-package-cn.feishucdn.com/obj/feishu-static/lmp/scs/policy-sdk-6.2.14.js:0:46766)
    at <anonymous> (https://lf-package-cn.feishucdn.com/obj/feishu-static/lmp/scs/policy-sdk-6.2.14.js:0:45552)
    at <anonymous> (https://lf-package-cn.feishucdn.com/obj/feishu-static/lmp/scs/policy-sdk-6.2.14.js:0:45657)
    at a (https://lf-package-cn.feishucdn.com/obj/feishu-static/lmp/scs/policy-sdk-6.2.14.js:0:44374)
[    4803ms] [ERROR] Failed to load resource: the server responded with a status of 401 () @ https://internal-api-security.feishu.cn/lark/scs/compliance/intercept/ccm/policystatus?policyType=DLP&entityType=DOCX&token=XVxudogFZo5srbx1MxAczP96nsc&owner_uid=7646243447203957709&tenant_id=7219875542412591108:0
[    4808ms] [ERROR] Failed to load resource: the server responded with a status of 401 () @ https://d16rg8unadx.feishu.cn/baike/v2/api/highlight_ignore/list:0
[    4809ms] [ERROR] Failed to load resource: the server responded with a status of 401 () @ https://internal-api-lark-api.feishu.cn/im/gateway/:0
[    4811ms] [ERROR] Failed to load resource: the server responded with a status of 401 () @ https://internal-api-lark-api.feishu.cn/im/gateway/:0
[    4826ms] [ERROR] Failed to load resource: the server responded with a status of 401 () @ https://internal-api-lark-api.feishu.cn/im/gateway/:0
[    4838ms] Uncaught (in promise) Error: Request failed with status code 401
    at e.exports (https://lf-package-cn.feishucdn.com/obj/feishu-static/ccm-vmok/web/static/js/docx_app_spa.a1da4971.js:64:10073)
    at e.exports (https://lf-package-cn.feishucdn.com/obj/feishu-static/ccm-vmok/web/static/js/docx_app_spa.a1da4971.js:153:442341)
    at _.onreadystatechange (https://lf-package-cn.feishucdn.com/obj/feishu-static/ccm-vmok/web/static/js/docx_app_spa.a1da4971.js:7:144584)
    at <anonymous> (https://lf-package-cn.feishucdn.com/obj/feishu-static/lmp/scs/policy-sdk-6.2.14.js:0:46766)
    at <anonymous> (https://lf-package-cn.feishucdn.com/obj/feishu-static/lmp/scs/policy-sdk-6.2.14.js:0:45552)
    at <anonymous> (https://lf-package-cn.feishucdn.com/obj/feishu-static/lmp/scs/policy-sdk-6.2.14.js:0:45657)
    at a (https://lf-package-cn.feishucdn.com/obj/feishu-static/lmp/scs/policy-sdk-6.2.14.js:0:44374)
[    4874ms] [ERROR] Failed to load resource: the server responded with a status of 401 () @ https://internal-api-lark-api.feishu.cn/im/gateway/:0
[    4876ms] [ERROR] Failed to load resource: the server responded with a status of 401 () @ https://internal-api-lark-api.feishu.cn/im/gateway/:0
[    4882ms] [ERROR] Failed to load resource: the server responded with a status of 401 () @ https://internal-api-lark-api.feishu.cn/im/gateway/:0
[    4939ms] [ERROR] Failed to load resource: the server responded with a status of 401 () @ https://internal-api-lark-api.feishu.cn/im/gateway/:0
[    4940ms] [ERROR] Failed to load resource: the server responded with a status of 401 () @ https://internal-api-lark-api.feishu.cn/im/gateway/:0
[    4942ms] [ERROR] Failed to load resource: the server responded with a status of 401 () @ https://internal-api-lark-api.feishu.cn/im/gateway/:0
[    4943ms] [ERROR] Failed to load resource: the server responded with a status of 401 () @ https://internal-api-lark-api.feishu.cn/im/gateway/:0
[    4945ms] [ERROR] Failed to load resource: the server responded with a status of 401 () @ https://internal-api-lark-api.feishu.cn/im/gateway/:0
[    4980ms] [ERROR] Failed to load resource: the server responded with a status of 401 () @ https://internal-api-lark-api.feishu.cn/im/gateway/:0
[    4988ms] [ERROR] Failed to load resource: the server responded with a status of 401 () @ https://internal-api-lark-api.feishu.cn/im/gateway/:0
[    4993ms] [ERROR] Failed to load resource: the server responded with a status of 401 () @ https://internal-api-lark-api.feishu.cn/im/gateway/:0
[    5025ms] [ERROR] Failed to load resource: the server responded with a status of 401 () @ https://internal-api-lark-api.feishu.cn/im/gateway/:0
[    7158ms] [ERROR] Failed to load resource: the server responded with a status of 401 () @ https://internal-api-security.feishu.cn/lark/scs/guardian/enforce:0
[   21950ms] [ERROR] The script resource is behind a redirect, which is disallowed. @ :0
[   22183ms] [ERROR] Failed to load resource: the server responded with a status of 401 () @ https://internal-api-lark-api.feishu.cn/im/gateway/:0
[   22230ms] [ERROR] Failed to load resource: the server responded with a status of 401 () @ https://internal-api-lark-api.feishu.cn/im/gateway/:0
[   22283ms] [ERROR] Failed to load resource: the server responded with a status of 401 () @ https://internal-api-lark-api.feishu.cn/im/gateway/:0
[   22331ms] [ERROR] Failed to load resource: the server responded with a status of 401 () @ https://internal-api-lark-api.feishu.cn/im/gateway/:0
[   31036ms] [ERROR] Failed to load resource: the server responded with a status of 401 () @ https://internal-api-security.feishu.cn/lark/scs/compliance/ping:0
[   41939ms] [ERROR] The script resource is behind a redirect, which is disallowed. @ :0
[   41944ms] [ERROR] The script resource is behind a redirect, which is disallowed. @ :0
[   41944ms] [ERROR] The script resource is behind a redirect, which is disallowed. @ :0
[   42114ms] [ERROR] The script resource is behind a redirect, which is disallowed. @ :0
[   60986ms] [ERROR] Failed to load resource: the server responded with a status of 401 () @ https://internal-api-security.feishu.cn/lark/scs/compliance/ping:0
[   91007ms] [ERROR] Failed to load resource: the server responded with a status of 401 () @ https://internal-api-security.feishu.cn/lark/scs/compliance/ping:0
[  120983ms] [ERROR] Failed to load resource: the server responded with a status of 401 () @ https://internal-api-security.feishu.cn/lark/scs/compliance/ping:0
[  150986ms] [ERROR] Failed to load resource: the server responded with a status of 401 () @ https://internal-api-security.feishu.cn/lark/scs/compliance/ping:0
[  180993ms] [ERROR] Failed to load resource: the server responded with a status of 401 () @ https://internal-api-security.feishu.cn/lark/scs/compliance/ping:0
[  197743ms] Uncaught (in promise) Error: too many requests
    at h (https://lf-package-cn.feishucdn.com/obj/feishu-static/ccm-vmok/web/static/js/docx_app_spa.a1da4971.js:197:173523)
    at <anonymous> (https://lf-package-cn.feishucdn.com/obj/feishu-static/ccm-vmok/web/static/js/docx_app_spa.a1da4971.js:153:491961)
[  210997ms] [ERROR] Failed to load resource: the server responded with a status of 401 () @ https://internal-api-security.feishu.cn/lark/scs/compliance/ping:0
