[     471ms] [WARNING] The provided value 'Middle' is not a valid enum value of type CanvasTextBaseline. @ https://aipoju.com/assets/watermark.wimp_LMF.js:0
[     491ms] [WARNING] The provided value 'Middle' is not a valid enum value of type CanvasTextBaseline. @ https://aipoju.com/assets/watermark.wimp_LMF.js:0
[    1244ms] [LOG] getEncryptJssdkSession start {public_key: MIIBIjANBgkqhkiG9w0BAQEFAAOCAQ8AMIIBCgKCAQEAsPGZih…Czq+/GE+v8tZDqDscm4/6JK2UO+/ZKsYHGp24jiw0qQIDAQAB, key_meta: GBZGZWF0dXJlQ3JlYXRpb25PcGVuRG9jFQYWoK+AkMjy5tbUARaAiNalDQA=, timestamp: 1784380709671} @ https://sf1-scmcdn-cn.feishucdn.com/obj/feishu-static/docComponentSdk/lib/1.0.2.js:0
[    1993ms] Identifier 'style' has already been declared
[    2155ms] [LOG] =====[FetchLib]worker begin @ blob:https://d16rg8unadx.feishu.cn/cc61c88a-245d-4cc4-8cef-b6f4b921e31d:0
[    2697ms] [INFO] =====fetch_lib_worker_start,obj: {token: XVxudog********1MxAczP96nsc, blockId: undefined, version: undefined, mode: 7, limit: undefined} @ blob:https://d16rg8unadx.feishu.cn/cc61c88a-245d-4cc4-8cef-b6f4b921e31d:0
[    3763ms] [ERROR] Failed to load resource: the server responded with a status of 401 () @ https://internal-api-security.feishu.cn/lark/scs/compliance/ping:0
[    4567ms] [ERROR] Failed to load resource: the server responded with a status of 400 () @ https://d16rg8unadx.feishu.cn/facade/search/pull_search_settings?search_setting_type=1:0
[    4570ms] [ERROR] Failed to load resource: the server responded with a status of 400 () @ https://open.feishu.cn/open-apis/block/server/api/MGetBlockSsrTemplate:0
[    5126ms] Uncaught (in promise) Error: request code fail
    at <anonymous> (https://lf-package-cn.feishucdn.com/obj/feishu-static/ccm-vmok/web/static/js/docx_app_spa.a1da4971.js:22:28263)
[    5299ms] Uncaught (in promise) Error: user not found
    at <anonymous> (https://lf-package-cn.feishucdn.com/obj/feishu-static/eesz/bear/docx/module/ee/docs/docx/1.0.17.6349/index_merged_es6.js:6:759699)
[    5299ms] [ERROR] Failed to load resource: the server responded with a status of 401 () @ https://internal-api-lark-api.feishu.cn/accounts/web/user?app_id=12&_t=1784380714161:0
[    5323ms] [ERROR] Failed to load resource: the server responded with a status of 401 () @ https://internal-api-lark-api.feishu.cn/im/gateway/:0
[    5372ms] Uncaught (in promise) Error: user not found
    at <anonymous> (https://lf-package-cn.feishucdn.com/obj/feishu-static/eesz/bear/docx/module/ee/docs/docx/1.0.17.6349/index_merged_es6.js:6:759699)
[    5479ms] Uncaught (in promise) Error: user not found
    at <anonymous> (https://lf-package-cn.feishucdn.com/obj/feishu-static/eesz/bear/docx/module/ee/docs/docx/1.0.17.6349/index_merged_es6.js:6:759699)
[    5479ms] [ERROR] Failed to load resource: the server responded with a status of 401 () @ https://internal-api-lark-api.feishu.cn/im/gateway/:0
[    5481ms] [ERROR] Failed to load resource: the server responded with a status of 401 () @ https://project.feishu.cn/goapi/v1/user/assets/login_assets:0
[    5523ms] [ERROR] Failed to load resource: the server responded with a status of 400 () @ https://open.feishu.cn/lark/app_explorer/api/GetBlockTemplateList:0
[    5525ms] [ERROR] Failed to load resource: the server responded with a status of 401 () @ https://internal-api-security.feishu.cn/lark/scs/compliance/intercept/ccm/policystatus?policyType=DLP&entityType=DOCX&token=XVxudogFZo5srbx1MxAczP96nsc&owner_uid=7646243447203957709&tenant_id=7219875542412591108:0
[    5613ms] [ERROR] Failed to load resource: the server responded with a status of 401 () @ https://internal-api-lark-api.feishu.cn/im/gateway/:0
[    5661ms] [ERROR] Failed to load resource: the server responded with a status of 401 () @ https://internal-api-lark-api.feishu.cn/im/gateway/:0
[    7276ms] [ERROR] Failed to load resource: the server responded with a status of 401 () @ https://d16rg8unadx.feishu.cn/baike/v2/api/highlight_ignore/list:0
[    7278ms] Uncaught (in promise) Error: Request failed with status code 401
    at e.exports (https://lf-package-cn.feishucdn.com/obj/feishu-static/ccm-vmok/web/static/js/docx_app_spa.a1da4971.js:64:10073)
    at e.exports (https://lf-package-cn.feishucdn.com/obj/feishu-static/ccm-vmok/web/static/js/docx_app_spa.a1da4971.js:153:442341)
    at _.onreadystatechange (https://lf-package-cn.feishucdn.com/obj/feishu-static/ccm-vmok/web/static/js/docx_app_spa.a1da4971.js:7:144584)
    at <anonymous> (https://lf-package-cn.feishucdn.com/obj/feishu-static/lmp/scs/policy-sdk-6.2.14.js:0:46766)
    at <anonymous> (https://lf-package-cn.feishucdn.com/obj/feishu-static/lmp/scs/policy-sdk-6.2.14.js:0:45552)
    at <anonymous> (https://lf-package-cn.feishucdn.com/obj/feishu-static/lmp/scs/policy-sdk-6.2.14.js:0:45657)
    at a (https://lf-package-cn.feishucdn.com/obj/feishu-static/lmp/scs/policy-sdk-6.2.14.js:0:44374)
[    8049ms] [ERROR] Failed to load resource: the server responded with a status of 401 () @ https://internal-api-security.feishu.cn/lark/scs/compliance/intercept/ccm/policystatus?policyType=DLP&entityType=DOCX&token=XVxudogFZo5srbx1MxAczP96nsc&owner_uid=7646243447203957709&tenant_id=7219875542412591108:0
[    8051ms] [ERROR] Failed to load resource: the server responded with a status of 401 () @ https://internal-api-lark-api.feishu.cn/im/gateway/:0
[    8053ms] [ERROR] Failed to load resource: the server responded with a status of 401 () @ https://internal-api-lark-api.feishu.cn/im/gateway/:0
[    8056ms] [ERROR] Failed to load resource: the server responded with a status of 401 () @ https://d16rg8unadx.feishu.cn/baike/v2/api/highlight_ignore/list:0
[    8058ms] [ERROR] Failed to load resource: the server responded with a status of 401 () @ https://internal-api-lark-api.feishu.cn/im/gateway/:0
[    8192ms] Uncaught (in promise) Error: Request failed with status code 401
    at e.exports (https://lf-package-cn.feishucdn.com/obj/feishu-static/ccm-vmok/web/static/js/docx_app_spa.a1da4971.js:64:10073)
    at e.exports (https://lf-package-cn.feishucdn.com/obj/feishu-static/ccm-vmok/web/static/js/docx_app_spa.a1da4971.js:153:442341)
    at _.onreadystatechange (https://lf-package-cn.feishucdn.com/obj/feishu-static/ccm-vmok/web/static/js/docx_app_spa.a1da4971.js:7:144584)
    at <anonymous> (https://lf-package-cn.feishucdn.com/obj/feishu-static/lmp/scs/policy-sdk-6.2.14.js:0:46766)
    at <anonymous> (https://lf-package-cn.feishucdn.com/obj/feishu-static/lmp/scs/policy-sdk-6.2.14.js:0:45552)
    at <anonymous> (https://lf-package-cn.feishucdn.com/obj/feishu-static/lmp/scs/policy-sdk-6.2.14.js:0:45657)
    at a (https://lf-package-cn.feishucdn.com/obj/feishu-static/lmp/scs/policy-sdk-6.2.14.js:0:44374)
[    8236ms] [ERROR] Failed to load resource: the server responded with a status of 401 () @ https://internal-api-lark-api.feishu.cn/im/gateway/:0
[    8238ms] [ERROR] Failed to load resource: the server responded with a status of 401 () @ https://internal-api-lark-api.feishu.cn/im/gateway/:0
[    8239ms] [ERROR] Failed to load resource: the server responded with a status of 401 () @ https://internal-api-lark-api.feishu.cn/im/gateway/:0
[    8271ms] [ERROR] Failed to load resource: the server responded with a status of 401 () @ https://internal-api-lark-api.feishu.cn/im/gateway/:0
[    8294ms] [ERROR] Failed to load resource: the server responded with a status of 401 () @ https://internal-api-lark-api.feishu.cn/im/gateway/:0
[    8295ms] [ERROR] Failed to load resource: the server responded with a status of 401 () @ https://internal-api-lark-api.feishu.cn/im/gateway/:0
[    8296ms] [ERROR] Failed to load resource: the server responded with a status of 401 () @ https://internal-api-lark-api.feishu.cn/im/gateway/:0
[    8311ms] [ERROR] Failed to load resource: the server responded with a status of 401 () @ https://internal-api-lark-api.feishu.cn/im/gateway/:0
[    8314ms] [ERROR] Failed to load resource: the server responded with a status of 401 () @ https://internal-api-lark-api.feishu.cn/im/gateway/:0
[    8360ms] [ERROR] Failed to load resource: the server responded with a status of 401 () @ https://internal-api-lark-api.feishu.cn/im/gateway/:0
[    8362ms] [ERROR] Failed to load resource: the server responded with a status of 401 () @ https://internal-api-lark-api.feishu.cn/im/gateway/:0
[    8367ms] [ERROR] Failed to load resource: the server responded with a status of 401 () @ https://internal-api-lark-api.feishu.cn/im/gateway/:0
[    9443ms] [ERROR] Failed to load resource: the server responded with a status of 401 () @ https://internal-api-security.feishu.cn/lark/scs/guardian/enforce:0
[   24746ms] [ERROR] The script resource is behind a redirect, which is disallowed. @ :0
[   24790ms] [ERROR] Failed to load resource: the server responded with a status of 401 () @ https://internal-api-lark-api.feishu.cn/im/gateway/:0
[   24845ms] [ERROR] Failed to load resource: the server responded with a status of 401 () @ https://internal-api-lark-api.feishu.cn/im/gateway/:0
[   24893ms] [ERROR] Failed to load resource: the server responded with a status of 401 () @ https://internal-api-lark-api.feishu.cn/im/gateway/:0
[   24949ms] [ERROR] Failed to load resource: the server responded with a status of 401 () @ https://internal-api-lark-api.feishu.cn/im/gateway/:0
[   32160ms] [ERROR] Failed to load resource: the server responded with a status of 401 () @ https://internal-api-security.feishu.cn/lark/scs/compliance/ping:0
[   44333ms] [ERROR] The script resource is behind a redirect, which is disallowed. @ :0
[   44333ms] [ERROR] The script resource is behind a redirect, which is disallowed. @ :0
[   44333ms] [ERROR] The script resource is behind a redirect, which is disallowed. @ :0
[   44473ms] [ERROR] The script resource is behind a redirect, which is disallowed. @ :0
[   62152ms] [ERROR] Failed to load resource: the server responded with a status of 401 () @ https://internal-api-security.feishu.cn/lark/scs/compliance/ping:0
[   92138ms] [ERROR] Failed to load resource: the server responded with a status of 401 () @ https://internal-api-security.feishu.cn/lark/scs/compliance/ping:0
