[     538ms] [WARNING] The provided value 'Middle' is not a valid enum value of type CanvasTextBaseline. @ https://aipoju.com/assets/watermark.wimp_LMF.js:0
[    1382ms] [LOG] getEncryptJssdkSession start {public_key: MIIBIjANBgkqhkiG9w0BAQEFAAOCAQ8AMIIBCgKCAQEAsPGZih…Czq+/GE+v8tZDqDscm4/6JK2UO+/ZKsYHGp24jiw0qQIDAQAB, key_meta: GBZGZWF0dXJlQ3JlYXRpb25PcGVuRG9jFQYWoK+AkMjy5tbUARaAiNalDQA=, timestamp: 1784380222737} @ https://sf1-scmcdn-cn.feishucdn.com/obj/feishu-static/docComponentSdk/lib/1.0.2.js:0
[    2340ms] Identifier 'style' has already been declared
[    3007ms] [LOG] =====[FetchLib]worker begin @ blob:https://d16rg8unadx.feishu.cn/b85b0e12-bf6e-45a8-ae0f-68e01a928aa4:0
[    3017ms] [ERROR] Failed to load resource: the server responded with a status of 401 () @ https://internal-api-security.feishu.cn/lark/scs/compliance/ping:0
[    3020ms] [INFO] =====fetch_lib_worker_start,obj: {token: XVxudog********1MxAczP96nsc, blockId: undefined, version: undefined, mode: 7, limit: undefined} @ blob:https://d16rg8unadx.feishu.cn/b85b0e12-bf6e-45a8-ae0f-68e01a928aa4:0
[    4020ms] [ERROR] Failed to load resource: the server responded with a status of 400 () @ https://d16rg8unadx.feishu.cn/facade/search/pull_search_settings?search_setting_type=1:0
[    4021ms] [ERROR] Failed to load resource: the server responded with a status of 400 () @ https://open.feishu.cn/open-apis/block/server/api/MGetBlockSsrTemplate:0
[    4359ms] Uncaught (in promise) Error: request code fail
    at <anonymous> (https://lf-package-cn.feishucdn.com/obj/feishu-static/ccm-vmok/web/static/js/docx_app_spa.a1da4971.js:22:28263)
[    4542ms] [ERROR] Failed to load resource: the server responded with a status of 401 () @ https://internal-api-lark-api.feishu.cn/accounts/web/user?app_id=12&_t=1784380226442:0
[    4543ms] [ERROR] Failed to load resource: the server responded with a status of 401 () @ https://internal-api-lark-api.feishu.cn/im/gateway/:0
[    4635ms] [ERROR] Failed to load resource: the server responded with a status of 401 () @ https://internal-api-lark-api.feishu.cn/im/gateway/:0
[    4782ms] [ERROR] Failed to load resource: the server responded with a status of 401 () @ https://internal-api-security.feishu.cn/lark/scs/compliance/intercept/ccm/policystatus?policyType=DLP&entityType=DOCX&token=XVxudogFZo5srbx1MxAczP96nsc&owner_uid=7646243447203957709&tenant_id=7219875542412591108:0
[    4787ms] [ERROR] Failed to load resource: the server responded with a status of 400 () @ https://open.feishu.cn/lark/app_explorer/api/GetBlockTemplateList:0
[    4792ms] [ERROR] Failed to load resource: the server responded with a status of 401 () @ https://internal-api-lark-api.feishu.cn/im/gateway/:0
[    4856ms] [ERROR] Failed to load resource: the server responded with a status of 401 () @ https://internal-api-lark-api.feishu.cn/im/gateway/:0
[    4859ms] Uncaught (in promise) Error: user not found
    at <anonymous> (https://lf-package-cn.feishucdn.com/obj/feishu-static/eesz/bear/docx/module/ee/docs/docx/1.0.17.6349/index_merged_es6.js:6:759699)
[    5029ms] Uncaught (in promise) Error: user not found
    at <anonymous> (https://lf-package-cn.feishucdn.com/obj/feishu-static/eesz/bear/docx/module/ee/docs/docx/1.0.17.6349/index_merged_es6.js:6:759699)
[    5066ms] [ERROR] Failed to load resource: the server responded with a status of 401 () @ https://project.feishu.cn/goapi/v1/user/assets/login_assets:0
[    5158ms] Uncaught (in promise) Error: user not found
    at <anonymous> (https://lf-package-cn.feishucdn.com/obj/feishu-static/eesz/bear/docx/module/ee/docs/docx/1.0.17.6349/index_merged_es6.js:6:759699)
[    6080ms] [ERROR] Failed to load resource: the server responded with a status of 401 () @ https://d16rg8unadx.feishu.cn/baike/v2/api/highlight_ignore/list:0
[    6082ms] Uncaught (in promise) Error: Request failed with status code 401
    at e.exports (https://lf-package-cn.feishucdn.com/obj/feishu-static/ccm-vmok/web/static/js/docx_app_spa.a1da4971.js:64:10073)
    at e.exports (https://lf-package-cn.feishucdn.com/obj/feishu-static/ccm-vmok/web/static/js/docx_app_spa.a1da4971.js:153:442341)
    at _.onreadystatechange (https://lf-package-cn.feishucdn.com/obj/feishu-static/ccm-vmok/web/static/js/docx_app_spa.a1da4971.js:7:144584)
    at <anonymous> (https://lf-package-cn.feishucdn.com/obj/feishu-static/lmp/scs/policy-sdk-6.2.14.js:0:46766)
    at <anonymous> (https://lf-package-cn.feishucdn.com/obj/feishu-static/lmp/scs/policy-sdk-6.2.14.js:0:45552)
    at <anonymous> (https://lf-package-cn.feishucdn.com/obj/feishu-static/lmp/scs/policy-sdk-6.2.14.js:0:45657)
    at a (https://lf-package-cn.feishucdn.com/obj/feishu-static/lmp/scs/policy-sdk-6.2.14.js:0:44374)
[    6728ms] [ERROR] Failed to load resource: the server responded with a status of 401 () @ https://d16rg8unadx.feishu.cn/baike/v2/api/highlight_ignore/list:0
[    6729ms] [ERROR] Failed to load resource: the server responded with a status of 401 () @ https://internal-api-lark-api.feishu.cn/im/gateway/:0
[    6734ms] [ERROR] Failed to load resource: the server responded with a status of 401 () @ https://internal-api-lark-api.feishu.cn/im/gateway/:0
[    6735ms] [ERROR] Failed to load resource: the server responded with a status of 401 () @ https://internal-api-security.feishu.cn/lark/scs/compliance/intercept/ccm/policystatus?policyType=DLP&entityType=DOCX&token=XVxudogFZo5srbx1MxAczP96nsc&owner_uid=7646243447203957709&tenant_id=7219875542412591108:0
[    6737ms] [ERROR] Failed to load resource: the server responded with a status of 401 () @ https://internal-api-lark-api.feishu.cn/im/gateway/:0
[    6750ms] Uncaught (in promise) Error: Request failed with status code 401
    at e.exports (https://lf-package-cn.feishucdn.com/obj/feishu-static/ccm-vmok/web/static/js/docx_app_spa.a1da4971.js:64:10073)
    at e.exports (https://lf-package-cn.feishucdn.com/obj/feishu-static/ccm-vmok/web/static/js/docx_app_spa.a1da4971.js:153:442341)
    at _.onreadystatechange (https://lf-package-cn.feishucdn.com/obj/feishu-static/ccm-vmok/web/static/js/docx_app_spa.a1da4971.js:7:144584)
    at <anonymous> (https://lf-package-cn.feishucdn.com/obj/feishu-static/lmp/scs/policy-sdk-6.2.14.js:0:46766)
    at <anonymous> (https://lf-package-cn.feishucdn.com/obj/feishu-static/lmp/scs/policy-sdk-6.2.14.js:0:45552)
    at <anonymous> (https://lf-package-cn.feishucdn.com/obj/feishu-static/lmp/scs/policy-sdk-6.2.14.js:0:45657)
    at a (https://lf-package-cn.feishucdn.com/obj/feishu-static/lmp/scs/policy-sdk-6.2.14.js:0:44374)
[    6801ms] [ERROR] Failed to load resource: the server responded with a status of 401 () @ https://internal-api-lark-api.feishu.cn/im/gateway/:0
[    6803ms] [ERROR] Failed to load resource: the server responded with a status of 401 () @ https://internal-api-lark-api.feishu.cn/im/gateway/:0
[    6866ms] [ERROR] Failed to load resource: the server responded with a status of 401 () @ https://internal-api-lark-api.feishu.cn/im/gateway/:0
[    6868ms] [ERROR] Failed to load resource: the server responded with a status of 401 () @ https://internal-api-lark-api.feishu.cn/im/gateway/:0
[    6869ms] [ERROR] Failed to load resource: the server responded with a status of 401 () @ https://internal-api-lark-api.feishu.cn/im/gateway/:0
[    6870ms] [ERROR] Failed to load resource: the server responded with a status of 401 () @ https://internal-api-lark-api.feishu.cn/im/gateway/:0
[    6905ms] [ERROR] Failed to load resource: the server responded with a status of 401 () @ https://internal-api-lark-api.feishu.cn/im/gateway/:0
[    6908ms] [ERROR] Failed to load resource: the server responded with a status of 401 () @ https://internal-api-lark-api.feishu.cn/im/gateway/:0
[    6918ms] [ERROR] Failed to load resource: the server responded with a status of 401 () @ https://internal-api-lark-api.feishu.cn/im/gateway/:0
[    6956ms] [ERROR] Failed to load resource: the server responded with a status of 401 () @ https://internal-api-lark-api.feishu.cn/im/gateway/:0
[    6959ms] [ERROR] Failed to load resource: the server responded with a status of 401 () @ https://internal-api-lark-api.feishu.cn/im/gateway/:0
[    6970ms] [ERROR] Failed to load resource: the server responded with a status of 401 () @ https://internal-api-lark-api.feishu.cn/im/gateway/:0
[    8755ms] [ERROR] Failed to load resource: the server responded with a status of 401 () @ https://internal-api-security.feishu.cn/lark/scs/guardian/enforce:0
[   24013ms] [ERROR] The script resource is behind a redirect, which is disallowed. @ :0
[   24220ms] [ERROR] Failed to load resource: the server responded with a status of 401 () @ https://internal-api-lark-api.feishu.cn/im/gateway/:0
[   24272ms] [ERROR] Failed to load resource: the server responded with a status of 401 () @ https://internal-api-lark-api.feishu.cn/im/gateway/:0
[   24326ms] [ERROR] Failed to load resource: the server responded with a status of 401 () @ https://internal-api-lark-api.feishu.cn/im/gateway/:0
[   24377ms] [ERROR] Failed to load resource: the server responded with a status of 401 () @ https://internal-api-lark-api.feishu.cn/im/gateway/:0
[   32464ms] [ERROR] Failed to load resource: the server responded with a status of 401 () @ https://internal-api-security.feishu.cn/lark/scs/compliance/ping:0
[   43886ms] [ERROR] The script resource is behind a redirect, which is disallowed. @ :0
[   43891ms] [ERROR] The script resource is behind a redirect, which is disallowed. @ :0
[   43900ms] [ERROR] The script resource is behind a redirect, which is disallowed. @ :0
[   44075ms] [ERROR] The script resource is behind a redirect, which is disallowed. @ :0
[   62470ms] [ERROR] Failed to load resource: the server responded with a status of 401 () @ https://internal-api-security.feishu.cn/lark/scs/compliance/ping:0
[   92463ms] [ERROR] Failed to load resource: the server responded with a status of 401 () @ https://internal-api-security.feishu.cn/lark/scs/compliance/ping:0
[  122446ms] [ERROR] Failed to load resource: the server responded with a status of 401 () @ https://internal-api-security.feishu.cn/lark/scs/compliance/ping:0
[  152485ms] [ERROR] Failed to load resource: the server responded with a status of 401 () @ https://internal-api-security.feishu.cn/lark/scs/compliance/ping:0
